2025-12-20 18:34:15,501 - INFO - [ENV] Loaded 5 environment variables
2025-12-20 18:34:15,516 - INFO - [DB] Using Neon PostgreSQL database
2025-12-20 18:34:16,044 - INFO - ============================================================
2025-12-20 18:34:16,044 - INFO - MOVIE CLEANUP SCRIPT
2025-12-20 18:34:16,045 - INFO - ============================================================
2025-12-20 18:34:16,045 - INFO - Criteria:
2025-12-20 18:34:16,045 - INFO -   - Minimum Vote Count: 20
2025-12-20 18:34:16,045 - INFO -   - Minimum Vote Average (IMDB Score): 3.0
2025-12-20 18:34:16,046 - INFO -   - Dry Run: True
2025-12-20 18:34:16,046 - INFO - ------------------------------------------------------------
2025-12-20 18:34:17,701 - INFO - ANALYSIS RESULTS:
2025-12-20 18:34:17,702 - INFO - ------------------------------------------------------------
2025-12-20 18:34:17,702 - INFO -   📊 Movies with VoteCount < 20: 921969
2025-12-20 18:34:17,703 - INFO -   ⭐ Movies with VoteAverage < 3.0: 637547
2025-12-20 18:34:17,703 - INFO -   🔄 Movies matching BOTH criteria: 637368
2025-12-20 18:34:17,704 - INFO - ------------------------------------------------------------
2025-12-20 18:34:17,704 - INFO -   ❌ Only low vote count (VoteCount < 20): 284601
2025-12-20 18:34:17,705 - INFO -   ❌ Only low rating (VoteAverage < 3.0): 179
2025-12-20 18:34:17,705 - INFO -   ❌ Both low vote count AND low rating: 637368
2025-12-20 18:34:17,706 - INFO - ------------------------------------------------------------
2025-12-20 18:34:17,706 - INFO -   🗑️  TOTAL MOVIES TO DELETE: 922148
2025-12-20 18:34:17,707 - INFO - ------------------------------------------------------------
2025-12-20 18:34:17,707 - INFO - [DRY RUN] No movies were actually deleted.
2025-12-20 18:34:17,708 - INFO - Run without --dry-run to perform actual deletion.
2025-12-20 18:34:17,775 - INFO - 
Sample movies that would be deleted:
2025-12-20 18:34:17,776 - INFO -   - Prelude Of A Story (TMDB: 1289776) | Votes: 0 | Rating: 0.0
2025-12-20 18:34:17,776 - INFO -   - Jó, hogy itt vagy (TMDB: 1462719) | Votes: 0 | Rating: 0.0
2025-12-20 18:34:17,777 - INFO -   - 特种突袭之觉醒 (TMDB: 1254074) | Votes: 0 | Rating: 0.0
2025-12-20 18:34:17,777 - INFO -   - 乡村重生记 (TMDB: 1254075) | Votes: 0 | Rating: 0.0
2025-12-20 18:34:17,777 - INFO -   - Napoli milionaria (TMDB: 356009) | Votes: 16 | Rating: 8.6
2025-12-20 18:34:17,777 - INFO -   - König Richard III. (TMDB: 284724) | Votes: 0 | Rating: 0.0
2025-12-20 18:34:17,778 - INFO -   - Baby T-34 (TMDB: 1451720) | Votes: 0 | Rating: 0.0
2025-12-20 18:34:17,778 - INFO -   - UB40 - Live At Rockpalast 1981 (TMDB: 1512519) | Votes: 0 | Rating: 0.0
2025-12-20 18:34:17,778 - INFO -   - La Nature de l'homme (TMDB: 1512820) | Votes: 0 | Rating: 0.0
2025-12-20 18:34:17,778 - INFO -   - Atasco (TMDB: 284663) | Votes: 0 | Rating: 0.0
2025-12-20 18:34:18,122 - INFO - 
📊 Remaining movies in database: 972399
2025-12-20 18:34:18,135 - INFO - Database connection closed.
2025-12-20 18:35:04,764 - INFO - [ENV] Loaded 5 environment variables
2025-12-20 18:35:04,781 - INFO - [DB] Using Neon PostgreSQL database
2025-12-20 18:35:05,275 - INFO - ============================================================
2025-12-20 18:35:05,276 - INFO - MOVIE CLEANUP SCRIPT
2025-12-20 18:35:05,276 - INFO - ============================================================
2025-12-20 18:35:05,276 - INFO - Criteria:
2025-12-20 18:35:05,276 - INFO -   - Minimum Vote Count: 20
2025-12-20 18:35:05,277 - INFO -   - Minimum Vote Average (IMDB Score): 3.0
2025-12-20 18:35:05,277 - INFO -   - Dry Run: False
2025-12-20 18:35:05,277 - INFO - ------------------------------------------------------------
2025-12-20 18:35:06,903 - INFO - ANALYSIS RESULTS:
2025-12-20 18:35:06,904 - INFO - ------------------------------------------------------------
2025-12-20 18:35:06,904 - INFO -   📊 Movies with VoteCount < 20: 921988
2025-12-20 18:35:06,904 - INFO -   ⭐ Movies with VoteAverage < 3.0: 637566
2025-12-20 18:35:06,904 - INFO -   🔄 Movies matching BOTH criteria: 637387
2025-12-20 18:35:06,904 - INFO - ------------------------------------------------------------
2025-12-20 18:35:06,904 - INFO -   ❌ Only low vote count (VoteCount < 20): 284601
2025-12-20 18:35:06,904 - INFO -   ❌ Only low rating (VoteAverage < 3.0): 179
2025-12-20 18:35:06,904 - INFO -   ❌ Both low vote count AND low rating: 637387
2025-12-20 18:35:06,904 - INFO - ------------------------------------------------------------
2025-12-20 18:35:06,904 - INFO -   🗑️  TOTAL MOVIES TO DELETE: 922167
2025-12-20 18:35:06,906 - INFO - ------------------------------------------------------------
2025-12-20 18:35:06,906 - INFO - Performing deletion...
2025-12-20 18:36:21,754 - INFO - ============================================================
2025-12-20 18:36:21,754 - INFO - ✅ DELETION COMPLETE!
2025-12-20 18:36:21,754 - INFO -    Total movies deleted: 922167
2025-12-20 18:36:21,755 - INFO - ============================================================
2025-12-20 18:36:22,346 - INFO - 
📊 Remaining movies in database: 50271
2025-12-20 18:36:22,347 - INFO - Database connection closed.
